Release 14.7 - xst P.20131013 (nt64)
Copyright (c) 1995-2013 Xilinx, Inc.  All rights reserved.
--> Parameter TMPDIR set to xst/projnav.tmp


Total REAL time to Xst completion: 1.00 secs
Total CPU time to Xst completion: 0.49 secs
 
--> Parameter xsthdpdir set to xst


Total REAL time to Xst completion: 1.00 secs
Total CPU time to Xst completion: 0.49 secs
 
--> Reading design: Buffer_Temp.prj

TABLE OF CONTENTS
  1) Synthesis Options Summary
  2) HDL Parsing
  3) HDL Elaboration
  4) HDL Synthesis
       4.1) HDL Synthesis Report
  5) Advanced HDL Synthesis
       5.1) Advanced HDL Synthesis Report
  6) Low Level Synthesis
  7) Partition Report
  8) Design Summary
       8.1) Primitive and Black Box Usage
       8.2) Device utilization summary
       8.3) Partition Resource Summary
       8.4) Timing Report
            8.4.1) Clock Information
            8.4.2) Asynchronous Control Signals Information
            8.4.3) Timing Summary
            8.4.4) Timing Details
            8.4.5) Cross Clock Domains Report


=========================================================================
*                      Synthesis Options Summary                        *
=========================================================================
---- Source Parameters
Input File Name                    : "Buffer_Temp.prj"
Ignore Synthesis Constraint File   : NO

---- Target Parameters
Output File Name                   : "Buffer_Temp"
Output Format                      : NGC
Target Device                      : xc6vlx240t-1-ff1156

---- Source Options
Top Module Name                    : Buffer_Temp
Automatic FSM Extraction           : YES
FSM Encoding Algorithm             : Auto
Safe Implementation                : No
FSM Style                          : LUT
RAM Extraction                     : Yes
RAM Style                          : Auto
ROM Extraction                     : Yes
Shift Register Extraction          : YES
ROM Style                          : Auto
Resource Sharing                   : YES
Asynchronous To Synchronous        : NO
Shift Register Minimum Size        : 2
Use DSP Block                      : Auto
Automatic Register Balancing       : No

---- Target Options
LUT Combining                      : Auto
Reduce Control Sets                : Auto
Add IO Buffers                     : YES
Global Maximum Fanout              : 100000
Add Generic Clock Buffer(BUFG)     : 32
Register Duplication               : YES
Optimize Instantiated Primitives   : NO
Use Clock Enable                   : Auto
Use Synchronous Set                : Auto
Use Synchronous Reset              : Auto
Pack IO Registers into IOBs        : Auto
Equivalent register Removal        : YES

---- General Options
Optimization Goal                  : Speed
Optimization Effort                : 1
Power Reduction                    : NO
Keep Hierarchy                     : No
Netlist Hierarchy                  : As_Optimized
RTL Output                         : Yes
Global Optimization                : AllClockNets
Read Cores                         : YES
Write Timing Constraints           : NO
Cross Clock Analysis               : NO
Hierarchy Separator                : /
Bus Delimiter                      : <>
Case Specifier                     : Maintain
Slice Utilization Ratio            : 100
BRAM Utilization Ratio             : 100
DSP48 Utilization Ratio            : 100
Auto BRAM Packing                  : NO
Slice Utilization Ratio Delta      : 5

=========================================================================


=========================================================================
*                          HDL Parsing                                  *
=========================================================================
Parsing VHDL file "C:\Users\csmartins\Dropbox\_PhD\MyWorks\VHDL\Test Folder\CPE\Buffer_Temp.vhd" into library work
Parsing entity <Buffer_Temp>.
Parsing architecture <Behavioral> of entity <buffer_temp>.

=========================================================================
*                            HDL Elaboration                            *
=========================================================================

Elaborating entity <Buffer_Temp> (architecture <Behavioral>) with generics from library <work>.

=========================================================================
*                           HDL Synthesis                               *
=========================================================================

Synthesizing Unit <Buffer_Temp>.
    Related source file is "C:\Users\csmartins\Dropbox\_PhD\MyWorks\VHDL\Test Folder\CPE\Buffer_Temp.vhd".
        DataWidth = 4
        Nsig = 4
    Found 16-bit register for signal <Buffer_Data>.
    Summary:
	inferred  16 D-type flip-flop(s).
Unit <Buffer_Temp> synthesized.

=========================================================================
HDL Synthesis Report

Macro Statistics
# Registers                                            : 1
 16-bit register                                       : 1

=========================================================================

=========================================================================
*                       Advanced HDL Synthesis                          *
=========================================================================


=========================================================================
Advanced HDL Synthesis Report

Macro Statistics
# Registers                                            : 16
 Flip-Flops                                            : 16

=========================================================================

=========================================================================
*                         Low Level Synthesis                           *
=========================================================================

Optimizing unit <Buffer_Temp> ...

Mapping all equations...
Building and optimizing final netlist ...
Found area constraint ratio of 100 (+ 5) on block Buffer_Temp, actual ratio is 0.
FlipFlop Buffer_Data_3 has been replicated 1 time(s) to handle iob=true attribute.
FlipFlop Buffer_Data_2 has been replicated 1 time(s) to handle iob=true attribute.
FlipFlop Buffer_Data_1 has been replicated 1 time(s) to handle iob=true attribute.
FlipFlop Buffer_Data_0 has been replicated 1 time(s) to handle iob=true attribute.

Final Macro Processing ...

Processing Unit <Buffer_Temp> :
	Found 2-bit shift register for signal <Buffer_Data_4>.
	Found 2-bit shift register for signal <Buffer_Data_5>.
	Found 2-bit shift register for signal <Buffer_Data_6>.
	Found 2-bit shift register for signal <Buffer_Data_7>.
Unit <Buffer_Temp> processed.

=========================================================================
Final Register Report

Macro Statistics
# Registers                                            : 12
 Flip-Flops                                            : 12
# Shift Registers                                      : 4
 2-bit shift register                                  : 4

=========================================================================

=========================================================================
*                           Partition Report                            *
=========================================================================

Partition Implementation Status
-------------------------------

  No Partitions were found in this design.

-------------------------------

=========================================================================
*                            Design Summary                             *
=========================================================================

Top Level Output File Name         : Buffer_Temp.ngc

Primitive and Black Box Usage:
------------------------------
# BELS                             : 1
#      GND                         : 1
# FlipFlops/Latches                : 16
#      FDE                         : 16
# Shift Registers                  : 4
#      SRLC16E                     : 4
# Clock Buffers                    : 1
#      BUFGP                       : 1
# IO Buffers                       : 21
#      IBUF                        : 5
#      OBUF                        : 16

Device utilization summary:
---------------------------

Selected Device : 6vlx240tff1156-1 


Slice Logic Utilization: 
 Number of Slice Registers:              12  out of  301440     0%  
 Number of Slice LUTs:                    4  out of  150720     0%  
    Number used as Memory:                4  out of  58400     0%  
       Number used as SRL:                4

Slice Logic Distribution: 
 Number of LUT Flip Flop pairs used:     12
   Number with an unused Flip Flop:       0  out of     12     0%  
   Number with an unused LUT:             8  out of     12    66%  
   Number of fully used LUT-FF pairs:     4  out of     12    33%  
   Number of unique control sets:         1

IO Utilization: 
 Number of IOs:                          22
 Number of bonded IOBs:                  22  out of    600     3%  
    IOB Flip Flops/Latches:               4

Specific Feature Utilization:
 Number of BUFG/BUFGCTRLs:                1  out of     32     3%  

---------------------------
Partition Resource Summary:
---------------------------

  No Partitions were found in this design.

---------------------------


=========================================================================
Timing Report

NOTE: THESE TIMING NUMBERS ARE ONLY A SYNTHESIS ESTIMATE.
      FOR ACCURATE TIMING INFORMATION PLEASE REFER TO THE TRACE REPORT
      GENERATED AFTER PLACE-and-ROUTE.

Clock Information:
------------------
-----------------------------------+------------------------+-------+
Clock Signal                       | Clock buffer(FF name)  | Load  |
-----------------------------------+------------------------+-------+
clk                                | BUFGP                  | 20    |
-----------------------------------+------------------------+-------+

Asynchronous Control Signals Information:
----------------------------------------
No asynchronous control signals found in this design

Timing Summary:
---------------
Speed Grade: -1

   Minimum period: 1.695ns (Maximum Frequency: 589.970MHz)
   Minimum input arrival time before clock: 0.790ns
   Maximum output required time after clock: 0.783ns
   Maximum combinational path delay: No path found

Timing Details:
---------------
All values displayed in nanoseconds (ns)

=========================================================================
Timing constraint: Default period analysis for Clock 'clk'
  Clock period: 1.695ns (frequency: 589.970MHz)
  Total number of paths / destination ports: 12 / 12
-------------------------------------------------------------------------
Delay:               1.695ns (Levels of Logic = 0)
  Source:            Mshreg_Buffer_Data_4 (FF)
  Destination:       Buffer_Data_4 (FF)
  Source Clock:      clk rising
  Destination Clock: clk rising

  Data Path: Mshreg_Buffer_Data_4 to Buffer_Data_4
                                Gate     Net
    Cell:in->out      fanout   Delay   Delay  Logical Name (Net Name)
    ----------------------------------------  ------------
     SRLC16E:CLK->Q        1   1.684   0.000  Mshreg_Buffer_Data_4 (Mshreg_Buffer_Data_4)
     FDE:D                     0.011          Buffer_Data_4
    ----------------------------------------
    Total                      1.695ns (1.695ns logic, 0.000ns route)
                                       (100.0% logic, 0.0% route)

=========================================================================
Timing constraint: Default OFFSET IN BEFORE for Clock 'clk'
  Total number of paths / destination ports: 28 / 28
-------------------------------------------------------------------------
Offset:              0.790ns (Levels of Logic = 1)
  Source:            clk_en (PAD)
  Destination:       Buffer_Data_8 (FF)
  Destination Clock: clk rising

  Data Path: clk_en to Buffer_Data_8
                                Gate     Net
    Cell:in->out      fanout   Delay   Delay  Logical Name (Net Name)
    ----------------------------------------  ------------
     IBUF:I->O            20   0.003   0.524  clk_en_IBUF (clk_en_IBUF)
     FDE:CE                    0.263          Buffer_Data_8
    ----------------------------------------
    Total                      0.790ns (0.266ns logic, 0.524ns route)
                                       (33.7% logic, 66.3% route)

=========================================================================
Timing constraint: Default OFFSET OUT AFTER for Clock 'clk'
  Total number of paths / destination ports: 16 / 16
-------------------------------------------------------------------------
Offset:              0.783ns (Levels of Logic = 1)
  Source:            Buffer_Data_11 (FF)
  Destination:       Data_out<11> (PAD)
  Source Clock:      clk rising

  Data Path: Buffer_Data_11 to Data_out<11>
                                Gate     Net
    Cell:in->out      fanout   Delay   Delay  Logical Name (Net Name)
    ----------------------------------------  ------------
     FDE:C->Q              2   0.375   0.405  Buffer_Data_11 (Buffer_Data_11)
     OBUF:I->O                 0.003          Data_out_11_OBUF (Data_out<11>)
    ----------------------------------------
    Total                      0.783ns (0.378ns logic, 0.405ns route)
                                       (48.3% logic, 51.7% route)

=========================================================================

Cross Clock Domains Report:
--------------------------

Clock to Setup on destination clock clk
---------------+---------+---------+---------+---------+
               | Src:Rise| Src:Fall| Src:Rise| Src:Fall|
Source Clock   |Dest:Rise|Dest:Rise|Dest:Fall|Dest:Fall|
---------------+---------+---------+---------+---------+
clk            |    1.695|         |         |         |
---------------+---------+---------+---------+---------+

=========================================================================


Total REAL time to Xst completion: 11.00 secs
Total CPU time to Xst completion: 10.40 secs
 
--> 

Total memory usage is 345344 kilobytes

Number of errors   :    0 (   0 filtered)
Number of warnings :    0 (   0 filtered)
Number of infos    :    0 (   0 filtered)

